Microsoft Windows [Version 10.0.26100.4652]
(c) Microsoft Corporation. All rights reserved.

C:\Program Files\MySQL\MySQL Server 8.0\bin>mysql -h localhost -u root -p
Enter password: ********
Welcome to the MySQL monitor.  Commands end with ; or \g.
Your MySQL connection id is 11
Server version: 8.0.42 MySQL Community Server - GPL

Copyright (c) 2000, 2025, Oracle and/or its affiliates.

Oracle is a registered trademark of Oracle Corporation and/or its
affiliates. Other names may be trademarks of their respective
owners.

Type 'help;' or '\h' for help. Type '\c' to clear the current input statement.

mysql> create database Bank1;
Query OK, 1 row affected (0.02 sec)

mysql> use database;
ERROR 1049 (42000): Unknown database 'database'
mysql> use Bank1;
Database changed
mysql> create table customers(
    -> cid INT primary key,
    -> cname varchar(90),
    -> caddress varchar(90),
    -> ccontact_no varchar(10)
    -> );
Query OK, 0 rows affected (0.07 sec)

mysql> create table account1(
    -> acc_no INT primary key,
    -> cid Int,
    -> acc_type varchar(90),
    -> foreign key (cid)
    -> references customer(cid)
    -> );
ERROR 1824 (HY000): Failed to open the referenced table 'customer'
mysql> create table account1(
    -> acc_no Int primary key,
    -> cid Int,
    -> acc_type varchar(90),
    -> foreign key (cid)
    -> references customers(cid)
    -> );
Query OK, 0 rows affected (0.06 sec)

mysql> create table transaction(
    -> transaction_id INT primary key,
    -> acc_no INT,
    -> transaction_date DATE,
    -> amount DECIMAL(16,7),
    -> foreign key
    ->
    -> );
ERROR 1064 (42000): You have an error in your SQL syntax; check the manual that corresponds to your MySQL server version for the right syntax to use near ')' at line 8
mysql> create table transaction(
    -> transaction_id INT primary key,
    -> acc_no INT,
    -> transaction_date DATE,
    -> amount decimal(12,5),
    -> foerign key (acc_no)
    -> references acc(acc_no)
    -> );
ERROR 1064 (42000): You have an error in your SQL syntax; check the manual that corresponds to your MySQL server version for the right syntax to use near 'key (acc_no)
references acc(acc_no)
)' at line 6
mysql> create table transaction(
    -> transaction_id INTprimary key,
    -> acc_no INT,
    -> transaction_date DATE,
    -> amount decimal(12,8),
    -> foerign key (acc_no),
    -> references account(acc_no),
    -> );
ERROR 1064 (42000): You have an error in your SQL syntax; check the manual that corresponds to your MySQL server version for the right syntax to use near 'INTprimary key,
acc_no INT,
transaction_date DATE,
amount decimal(12,8),
foerign' at line 2
mysql> create table transaction(
    -> transaction_id INT primary key,
    -> acc_no INT,
    -> transaction_date DATE,
    -> amount decimal(12,3),
    -> foerign key (acc_no),
    -> references account1(acc_no),
    -> );
ERROR 1064 (42000): You have an error in your SQL syntax; check the manual that corresponds to your MySQL server version for the right syntax to use near 'key (acc_no),
references account1(acc_no),
)' at line 6
mysql> create table transaction(
    -> transaction_id INT primary key,
    -> acc_no INT,
    -> transaction_date DATE,
    -> account decimal(12,3),
    -> foerign key (acc_no),
    -> references account1(acc_no)
    -> );
ERROR 1064 (42000): You have an error in your SQL syntax; check the manual that corresponds to your MySQL server version for the right syntax to use near 'key (acc_no),
references account1(acc_no)
)' at line 6
mysql> create table transaction(
    -> transaction_id INT PRIMARY KEY,
    -> acc_no INT,
    -> transaction_date DATE,
    -> amount DECIMAL(12,3),
    -> FOREIGN KEY (acc_no) REFERENCES account1(acc_no)
    -> );
Query OK, 0 rows affected (0.07 sec)

mysql> create table employee (
    -> employee_id INT PRIMARY KEY,
    -> name VARCHAR(90),
    -> salary DECIMAL(10,5),
    -> role VARCHAR(30)
    -> );
Query OK, 0 rows affected (0.03 sec)

mysql> ALTER TABLE customers
    -> ADD email_id VARCHAR(50);
Query OK, 0 rows affected (0.09 sec)
Records: 0  Duplicates: 0  Warnings: 0

mysql> create user 'bhagyashri';
Query OK, 0 rows affected (0.05 sec)

mysql> create user 'bhagyashri''@''localhost' IDENTIFIED
    -> BY 'bhagyashri@123';
Query OK, 0 rows affected (0.01 sec)

mysql> GRANT SELECT ON Bank.customers To
    -> 'bhagyashri''@'localhost';
    '> 'bhagyashri'@'localhost';
    '> 'bhagyashri'@'localhost';
    '>
    '> create user 'manager'@'localhost'
    '> INDENTIFIED BY 'manager@123';
    '> );
    '>
    '> ghyfh
    '> BY bhagyashri@'localjost';
    '> \c
    '> \c
    '> \c;
    '> xyzxyz;
    '>
    '> =;
    '> +
    '> afgkjghkjhj;k
    '> ';
ERROR 1064 (42000): You have an error in your SQL syntax; check the manual that corresponds to your MySQL server version for the right syntax to use near 'localhost';
'bhagyashri'@'localhost';
'bhagyashri'@'localhost';

create user 'ma' at line 2
mysql> CREATE USER 'bhagyashri'@'localhost' IDENTIFIED
    -> BY 'bhagyashri@123';
Query OK, 0 rows affected (0.02 sec)

mysql> GRANT SELECT ON Bank1.customer To
    -> 'bhagyashri'@'localhost';
ERROR 1146 (42S02): Table 'bank1.customer' doesn't exist
mysql> GRANT SELECT ON Bank.customer To
    -> 'bhagyashri'@'localhost';
Query OK, 0 rows affected (0.01 sec)

mysql> GRANT SELECT ON Bank.account To
    -> 'bhagyashri'@'localhost';
ERROR 1146 (42S02): Table 'bank.account' doesn't exist
mysql> GRANT SELECT ON Bank.account1 To
    -> 'bhagyashri'@'localhost';
ERROR 1146 (42S02): Table 'bank.account1' doesn't exist
mysql> SHOW DATABASES;
+--------------------+
| Database           |
+--------------------+
| bank               |
| bank1              |
| batch1             |
| home               |
| hospital           |
| information_schema |
| mysql              |
| performance_schema |
| sakila             |
| srushti            |
| student            |
| sys                |
| world              |
+--------------------+
13 rows in set (0.05 sec)

mysql> use bank;
Database changed
mysql> show tables;
+----------------+
| Tables_in_bank |
+----------------+
| customer       |
+----------------+
1 row in set (0.02 sec)

mysql> GRANT SELECT ON Bank.account1 To
    -> 'bhagyashri'@'localhoast';
ERROR 1146 (42S02): Table 'bank.account1' doesn't exist
mysql> GEANT SELECT ON Bank.account To
    -> 'bhagyashri'@'localhost';
ERROR 1064 (42000): You have an error in your SQL syntax; check the manual that corresponds to your MySQL server version for the right syntax to use near 'GEANT SELECT ON Bank.account To
'bhagyashri'@'localhost'' at line 1
mysql> GRANT SELECT ON Bank.account To
    -> 'bhagyashri'@'localhost';
ERROR 1146 (42S02): Table 'bank.account' doesn't exist
mysql> GRANT SELECT ON Bank,account To
    -> ;
ERROR 1064 (42000): You have an error in your SQL syntax; check the manual that corresponds to your MySQL server version for the right syntax to use near ',account To' at line 1
mysql> GRANT SELECT ON Bank1.account1 To
    -> 'bhagyashri'@'localhost';
Query OK, 0 rows affected (0.01 sec)

mysql> GRANT SELECT ON Bank1.customer To
    -> 'bhagyashri'@'localhost';
ERROR 1146 (42S02): Table 'bank1.customer' doesn't exist
mysql> GRANT SELECT ON Bank1.customers To
    -> 'bhagyashri'@'localhost';
Query OK, 0 rows affected (0.01 sec)

mysql> create user 'manager'@'localhost'
    -> IDENTIFIED BY 'maneger@123';
Query OK, 0 rows affected (0.02 sec)

mysql> GRANT ALL PRIVILEGES ON Bank.* To
    -> 'manager'@'localhost';
Query OK, 0 rows affected (0.01 sec)

mysql> desc customer;
+-----------+-------------+------+-----+---------+-------+
| Field     | Type        | Null | Key | Default | Extra |
+-----------+-------------+------+-----+---------+-------+
| cutomerid | int         | NO   | PRI | NULL    |       |
| name      | varchar(90) | YES  |     | NULL    |       |
+-----------+-------------+------+-----+---------+-------+
2 rows in set (0.02 sec)

mysql> desc account;
ERROR 1146 (42S02): Table 'bank.account' doesn't exist
mysql> desc account1;
ERROR 1146 (42S02): Table 'bank.account1' doesn't exist
mysql> desc bank1.account;
ERROR 1146 (42S02): Table 'bank1.account' doesn't exist
mysql> desc employee;
ERROR 1146 (42S02): Table 'bank.employee' doesn't exist
mysql> desc bank1.accunt1;
ERROR 1146 (42S02): Table 'bank1.accunt1' doesn't exist
mysql> desc bank1.account1;
+----------+-------------+------+-----+---------+-------+
| Field    | Type        | Null | Key | Default | Extra |
+----------+-------------+------+-----+---------+-------+
| acc_no   | int         | NO   | PRI | NULL    |       |
| cid      | int         | YES  | MUL | NULL    |       |
| acc_type | varchar(90) | YES  |     | NULL    |       |
+----------+-------------+------+-----+---------+-------+
3 rows in set (0.00 sec)

mysql> desc employee;
ERROR 1146 (42S02): Table 'bank.employee' doesn't exist
mysql> desc bank1.employee;
+-------------+---------------+------+-----+---------+-------+
| Field       | Type          | Null | Key | Default | Extra |
+-------------+---------------+------+-----+---------+-------+
| employee_id | int           | NO   | PRI | NULL    |       |
| name        | varchar(90)   | YES  |     | NULL    |       |
| salary      | decimal(10,5) | YES  |     | NULL    |       |
| role        | varchar(30)   | YES  |     | NULL    |       |
+-------------+---------------+------+-----+---------+-------+
4 rows in set (0.00 sec)

mysql> desc bank1.transaction;
+------------------+---------------+------+-----+---------+-------+
| Field            | Type          | Null | Key | Default | Extra |
+------------------+---------------+------+-----+---------+-------+
| transaction_id   | int           | NO   | PRI | NULL    |       |
| acc_no           | int           | YES  | MUL | NULL    |       |
| transaction_date | date          | YES  |     | NULL    |       |
| amount           | decimal(12,3) | YES  |     | NULL    |       |
+------------------+---------------+------+-----+---------+-------+
4 rows in set (0.00 sec)

mysql> desc